2024-10-28T10:04:21.412-05:00  INFO 10468 --- [demo] [restartedMain] com.example.demo.DemoApplication         : Starting DemoApplication using Java 17.0.12 with PID 10468 (C:\Users\Janus\Documents\GitHub\PetLand\Proyecto\demo\target\classes started by Janus in C:\Users\Janus\Documents\GitHub\PetLand)
2024-10-28T10:04:21.422-05:00  INFO 10468 --- [demo] [restartedMain] com.example.demo.DemoApplication         : No active profile set, falling back to 1 default profile: "default"
2024-10-28T10:04:21.488-05:00  INFO 10468 --- [demo] [restartedMain] .e.DevToolsPropertyDefaultsPostProcessor : Devtools property defaults active! Set 'spring.devtools.add-properties' to 'false' to disable
2024-10-28T10:04:21.489-05:00  INFO 10468 --- [demo] [restartedMain] .e.DevToolsPropertyDefaultsPostProcessor : For additional web related logging consider setting the 'logging.level.web' property to 'DEBUG'
2024-10-28T10:04:22.367-05:00  INFO 10468 --- [demo] [restartedMain] .s.d.r.c.RepositoryConfigurationDelegate : Bootstrapping Spring Data JPA repositories in DEFAULT mode.
2024-10-28T10:04:22.481-05:00  INFO 10468 --- [demo] [restartedMain] .s.d.r.c.RepositoryConfigurationDelegate : Finished Spring Data repository scanning in 91 ms. Found 6 JPA repository interfaces.
2024-10-28T10:04:23.384-05:00  INFO 10468 --- [demo] [restartedMain] o.s.b.w.embedded.tomcat.TomcatWebServer  : Tomcat initialized with port 8080 (http)
2024-10-28T10:04:23.408-05:00  INFO 10468 --- [demo] [restartedMain] o.apache.catalina.core.StandardService   : Starting service [Tomcat]
2024-10-28T10:04:23.410-05:00  INFO 10468 --- [demo] [restartedMain] o.apache.catalina.core.StandardEngine    : Starting Servlet engine: [Apache Tomcat/10.1.26]
2024-10-28T10:04:23.581-05:00  INFO 10468 --- [demo] [restartedMain] o.a.c.c.C.[Tomcat].[localhost].[/]       : Initializing Spring embedded WebApplicationContext
2024-10-28T10:04:23.583-05:00  INFO 10468 --- [demo] [restartedMain] w.s.c.ServletWebServerApplicationContext : Root WebApplicationContext: initialization completed in 2092 ms
2024-10-28T10:04:23.642-05:00  INFO 10468 --- [demo] [restartedMain] com.zaxxer.hikari.HikariDataSource       : HikariPool-1 - Starting...
2024-10-28T10:04:23.898-05:00  INFO 10468 --- [demo] [restartedMain] com.zaxxer.hikari.pool.HikariPool        : HikariPool-1 - Added connection conn0: url=jdbc:h2:mem:testdb user=SA
2024-10-28T10:04:23.899-05:00  INFO 10468 --- [demo] [restartedMain] com.zaxxer.hikari.HikariDataSource       : HikariPool-1 - Start completed.
2024-10-28T10:04:23.909-05:00  INFO 10468 --- [demo] [restartedMain] o.s.b.a.h2.H2ConsoleAutoConfiguration    : H2 console available at '/h2-console'. Database available at 'jdbc:h2:mem:testdb'
2024-10-28T10:04:24.176-05:00  INFO 10468 --- [demo] [restartedMain] o.hibernate.jpa.internal.util.LogHelper  : HHH000204: Processing PersistenceUnitInfo [name: default]
2024-10-28T10:04:24.326-05:00  INFO 10468 --- [demo] [restartedMain] org.hibernate.Version                    : HHH000412: Hibernate ORM core version 6.5.2.Final
2024-10-28T10:04:24.378-05:00  INFO 10468 --- [demo] [restartedMain] o.h.c.internal.RegionFactoryInitiator    : HHH000026: Second-level cache disabled
2024-10-28T10:04:24.777-05:00  INFO 10468 --- [demo] [restartedMain] o.s.o.j.p.SpringPersistenceUnitInfo      : No LoadTimeWeaver setup: ignoring JPA class transformer
2024-10-28T10:04:24.875-05:00  WARN 10468 --- [demo] [restartedMain] org.hibernate.orm.deprecation            : HHH90000025: H2Dialect does not need to be specified explicitly using 'hibernate.dialect' (remove the property setting and it will be selected by default)
2024-10-28T10:04:25.853-05:00  INFO 10468 --- [demo] [restartedMain] o.h.e.t.j.p.i.JtaPlatformInitiator       : HHH000489: No JTA platform available (set 'hibernate.transaction.jta.platform' to enable JTA platform integration)
2024-10-28T10:04:25.918-05:00  INFO 10468 --- [demo] [restartedMain] j.LocalContainerEntityManagerFactoryBean : Initialized JPA EntityManagerFactory for persistence unit 'default'
2024-10-28T10:04:26.356-05:00  INFO 10468 --- [demo] [restartedMain] o.s.d.j.r.query.QueryEnhancerFactory     : Hibernate is in classpath; If applicable, HQL parser will be used.
2024-10-28T10:04:27.526-05:00  WARN 10468 --- [demo] [restartedMain] JpaBaseConfiguration$JpaWebConfiguration : spring.jpa.open-in-view is enabled by default. Therefore, database queries may be performed during view rendering. Explicitly configure spring.jpa.open-in-view to disable this warning
2024-10-28T10:04:28.114-05:00  WARN 10468 --- [demo] [restartedMain] ion$DefaultTemplateResolverConfiguration : Cannot find template location: classpath:/templates/ (please add some templates, check your Thymeleaf configuration, or set spring.thymeleaf.check-template-location=false)
2024-10-28T10:04:28.239-05:00  INFO 10468 --- [demo] [restartedMain] o.s.b.d.a.OptionalLiveReloadServer       : LiveReload server is running on port 35729
2024-10-28T10:04:28.276-05:00  INFO 10468 --- [demo] [restartedMain] o.s.b.w.embedded.tomcat.TomcatWebServer  : Tomcat started on port 8080 (http) with context path '/'
2024-10-28T10:04:28.289-05:00  INFO 10468 --- [demo] [restartedMain] com.example.demo.DemoApplication         : Started DemoApplication in 7.307 seconds (process running for 7.781)
2024-10-28T10:04:47.035-05:00  INFO 10468 --- [demo] [http-nio-8080-exec-1] o.a.c.c.C.[Tomcat].[localhost].[/]       : Initializing Spring DispatcherServlet 'dispatcherServlet'
2024-10-28T10:04:47.036-05:00  INFO 10468 --- [demo] [http-nio-8080-exec-1] o.s.web.servlet.DispatcherServlet        : Initializing Servlet 'dispatcherServlet'
2024-10-28T10:04:47.037-05:00  INFO 10468 --- [demo] [http-nio-8080-exec-1] o.s.web.servlet.DispatcherServlet        : Completed initialization in 1 ms
2024-10-28T10:40:58.977-05:00  INFO 8980 --- [demo] [restartedMain] com.example.demo.DemoApplication         : Starting DemoApplication using Java 17.0.12 with PID 8980 (C:\Users\Janus\Documents\GitHub\PetLand\Proyecto\demo\target\classes started by Janus in C:\Users\Janus\Documents\GitHub\PetLand)
2024-10-28T10:40:58.981-05:00  INFO 8980 --- [demo] [restartedMain] com.example.demo.DemoApplication         : No active profile set, falling back to 1 default profile: "default"
2024-10-28T10:40:59.054-05:00  INFO 8980 --- [demo] [restartedMain] .e.DevToolsPropertyDefaultsPostProcessor : Devtools property defaults active! Set 'spring.devtools.add-properties' to 'false' to disable
2024-10-28T10:40:59.054-05:00  INFO 8980 --- [demo] [restartedMain] .e.DevToolsPropertyDefaultsPostProcessor : For additional web related logging consider setting the 'logging.level.web' property to 'DEBUG'
2024-10-28T10:40:59.872-05:00  INFO 8980 --- [demo] [restartedMain] .s.d.r.c.RepositoryConfigurationDelegate : Bootstrapping Spring Data JPA repositories in DEFAULT mode.
2024-10-28T10:40:59.967-05:00  INFO 8980 --- [demo] [restartedMain] .s.d.r.c.RepositoryConfigurationDelegate : Finished Spring Data repository scanning in 78 ms. Found 6 JPA repository interfaces.
2024-10-28T10:41:00.964-05:00  INFO 8980 --- [demo] [restartedMain] o.s.b.w.embedded.tomcat.TomcatWebServer  : Tomcat initialized with port 8080 (http)
2024-10-28T10:41:00.987-05:00  INFO 8980 --- [demo] [restartedMain] o.apache.catalina.core.StandardService   : Starting service [Tomcat]
2024-10-28T10:41:00.988-05:00  INFO 8980 --- [demo] [restartedMain] o.apache.catalina.core.StandardEngine    : Starting Servlet engine: [Apache Tomcat/10.1.26]
2024-10-28T10:41:01.070-05:00  INFO 8980 --- [demo] [restartedMain] o.a.c.c.C.[Tomcat].[localhost].[/]       : Initializing Spring embedded WebApplicationContext
2024-10-28T10:41:01.071-05:00  INFO 8980 --- [demo] [restartedMain] w.s.c.ServletWebServerApplicationContext : Root WebApplicationContext: initialization completed in 2016 ms
2024-10-28T10:41:01.103-05:00  INFO 8980 --- [demo] [restartedMain] com.zaxxer.hikari.HikariDataSource       : HikariPool-1 - Starting...
2024-10-28T10:41:01.289-05:00  INFO 8980 --- [demo] [restartedMain] com.zaxxer.hikari.pool.HikariPool        : HikariPool-1 - Added connection conn0: url=jdbc:h2:mem:testdb user=SA
2024-10-28T10:41:01.293-05:00  INFO 8980 --- [demo] [restartedMain] com.zaxxer.hikari.HikariDataSource       : HikariPool-1 - Start completed.
2024-10-28T10:41:01.305-05:00  INFO 8980 --- [demo] [restartedMain] o.s.b.a.h2.H2ConsoleAutoConfiguration    : H2 console available at '/h2-console'. Database available at 'jdbc:h2:mem:testdb'
2024-10-28T10:41:01.501-05:00  INFO 8980 --- [demo] [restartedMain] o.hibernate.jpa.internal.util.LogHelper  : HHH000204: Processing PersistenceUnitInfo [name: default]
2024-10-28T10:41:01.694-05:00  INFO 8980 --- [demo] [restartedMain] org.hibernate.Version                    : HHH000412: Hibernate ORM core version 6.5.2.Final
2024-10-28T10:41:01.804-05:00  INFO 8980 --- [demo] [restartedMain] o.h.c.internal.RegionFactoryInitiator    : HHH000026: Second-level cache disabled
2024-10-28T10:41:02.196-05:00  INFO 8980 --- [demo] [restartedMain] o.s.o.j.p.SpringPersistenceUnitInfo      : No LoadTimeWeaver setup: ignoring JPA class transformer
2024-10-28T10:41:02.294-05:00  WARN 8980 --- [demo] [restartedMain] org.hibernate.orm.deprecation            : HHH90000025: H2Dialect does not need to be specified explicitly using 'hibernate.dialect' (remove the property setting and it will be selected by default)
2024-10-28T10:41:03.160-05:00  INFO 8980 --- [demo] [restartedMain] o.h.e.t.j.p.i.JtaPlatformInitiator       : HHH000489: No JTA platform available (set 'hibernate.transaction.jta.platform' to enable JTA platform integration)
2024-10-28T10:41:03.235-05:00  INFO 8980 --- [demo] [restartedMain] j.LocalContainerEntityManagerFactoryBean : Initialized JPA EntityManagerFactory for persistence unit 'default'
2024-10-28T10:41:03.621-05:00  INFO 8980 --- [demo] [restartedMain] o.s.d.j.r.query.QueryEnhancerFactory     : Hibernate is in classpath; If applicable, HQL parser will be used.
2024-10-28T10:41:04.579-05:00  WARN 8980 --- [demo] [restartedMain] JpaBaseConfiguration$JpaWebConfiguration : spring.jpa.open-in-view is enabled by default. Therefore, database queries may be performed during view rendering. Explicitly configure spring.jpa.open-in-view to disable this warning
2024-10-28T10:41:05.135-05:00  WARN 8980 --- [demo] [restartedMain] ion$DefaultTemplateResolverConfiguration : Cannot find template location: classpath:/templates/ (please add some templates, check your Thymeleaf configuration, or set spring.thymeleaf.check-template-location=false)
2024-10-28T10:41:05.357-05:00  INFO 8980 --- [demo] [restartedMain] o.s.b.d.a.OptionalLiveReloadServer       : LiveReload server is running on port 35729
2024-10-28T10:41:05.424-05:00  INFO 8980 --- [demo] [restartedMain] o.s.b.w.embedded.tomcat.TomcatWebServer  : Tomcat started on port 8080 (http) with context path '/'
2024-10-28T10:41:05.439-05:00  INFO 8980 --- [demo] [restartedMain] com.example.demo.DemoApplication         : Started DemoApplication in 6.884 seconds (process running for 7.388)
2024-10-28T10:41:32.645-05:00  INFO 8980 --- [demo] [http-nio-8080-exec-1] o.a.c.c.C.[Tomcat].[localhost].[/]       : Initializing Spring DispatcherServlet 'dispatcherServlet'
2024-10-28T10:41:32.646-05:00  INFO 8980 --- [demo] [http-nio-8080-exec-1] o.s.web.servlet.DispatcherServlet        : Initializing Servlet 'dispatcherServlet'
2024-10-28T10:41:32.647-05:00  INFO 8980 --- [demo] [http-nio-8080-exec-1] o.s.web.servlet.DispatcherServlet        : Completed initialization in 1 ms
2024-10-28T11:09:25.310-05:00  INFO 21840 --- [demo] [restartedMain] com.example.demo.DemoApplication         : Starting DemoApplication using Java 17.0.12 with PID 21840 (C:\Users\Janus\Documents\GitHub\PetLand\Proyecto\demo\target\classes started by Janus in C:\Users\Janus\Documents\GitHub\PetLand)
2024-10-28T11:09:25.313-05:00  INFO 21840 --- [demo] [restartedMain] com.example.demo.DemoApplication         : No active profile set, falling back to 1 default profile: "default"
2024-10-28T11:09:25.381-05:00  INFO 21840 --- [demo] [restartedMain] .e.DevToolsPropertyDefaultsPostProcessor : Devtools property defaults active! Set 'spring.devtools.add-properties' to 'false' to disable
2024-10-28T11:09:25.382-05:00  INFO 21840 --- [demo] [restartedMain] .e.DevToolsPropertyDefaultsPostProcessor : For additional web related logging consider setting the 'logging.level.web' property to 'DEBUG'
2024-10-28T11:09:26.189-05:00  INFO 21840 --- [demo] [restartedMain] .s.d.r.c.RepositoryConfigurationDelegate : Bootstrapping Spring Data JPA repositories in DEFAULT mode.
2024-10-28T11:09:26.275-05:00  INFO 21840 --- [demo] [restartedMain] .s.d.r.c.RepositoryConfigurationDelegate : Finished Spring Data repository scanning in 75 ms. Found 6 JPA repository interfaces.
2024-10-28T11:09:27.080-05:00  INFO 21840 --- [demo] [restartedMain] o.s.b.w.embedded.tomcat.TomcatWebServer  : Tomcat initialized with port 8080 (http)
2024-10-28T11:09:27.103-05:00  INFO 21840 --- [demo] [restartedMain] o.apache.catalina.core.StandardService   : Starting service [Tomcat]
2024-10-28T11:09:27.105-05:00  INFO 21840 --- [demo] [restartedMain] o.apache.catalina.core.StandardEngine    : Starting Servlet engine: [Apache Tomcat/10.1.26]
2024-10-28T11:09:27.197-05:00  INFO 21840 --- [demo] [restartedMain] o.a.c.c.C.[Tomcat].[localhost].[/]       : Initializing Spring embedded WebApplicationContext
2024-10-28T11:09:27.198-05:00  INFO 21840 --- [demo] [restartedMain] w.s.c.ServletWebServerApplicationContext : Root WebApplicationContext: initialization completed in 1815 ms
2024-10-28T11:09:27.249-05:00  INFO 21840 --- [demo] [restartedMain] com.zaxxer.hikari.HikariDataSource       : HikariPool-1 - Starting...
2024-10-28T11:09:27.483-05:00  INFO 21840 --- [demo] [restartedMain] com.zaxxer.hikari.pool.HikariPool        : HikariPool-1 - Added connection conn0: url=jdbc:h2:mem:testdb user=SA
2024-10-28T11:09:27.486-05:00  INFO 21840 --- [demo] [restartedMain] com.zaxxer.hikari.HikariDataSource       : HikariPool-1 - Start completed.
2024-10-28T11:09:27.498-05:00  INFO 21840 --- [demo] [restartedMain] o.s.b.a.h2.H2ConsoleAutoConfiguration    : H2 console available at '/h2-console'. Database available at 'jdbc:h2:mem:testdb'
2024-10-28T11:09:27.697-05:00  INFO 21840 --- [demo] [restartedMain] o.hibernate.jpa.internal.util.LogHelper  : HHH000204: Processing PersistenceUnitInfo [name: default]
2024-10-28T11:09:27.782-05:00  INFO 21840 --- [demo] [restartedMain] org.hibernate.Version                    : HHH000412: Hibernate ORM core version 6.5.2.Final
2024-10-28T11:09:27.839-05:00  INFO 21840 --- [demo] [restartedMain] o.h.c.internal.RegionFactoryInitiator    : HHH000026: Second-level cache disabled
2024-10-28T11:09:28.186-05:00  INFO 21840 --- [demo] [restartedMain] o.s.o.j.p.SpringPersistenceUnitInfo      : No LoadTimeWeaver setup: ignoring JPA class transformer
2024-10-28T11:09:28.264-05:00  WARN 21840 --- [demo] [restartedMain] org.hibernate.orm.deprecation            : HHH90000025: H2Dialect does not need to be specified explicitly using 'hibernate.dialect' (remove the property setting and it will be selected by default)
2024-10-28T11:09:29.274-05:00  INFO 21840 --- [demo] [restartedMain] o.h.e.t.j.p.i.JtaPlatformInitiator       : HHH000489: No JTA platform available (set 'hibernate.transaction.jta.platform' to enable JTA platform integration)
2024-10-28T11:09:29.333-05:00  INFO 21840 --- [demo] [restartedMain] j.LocalContainerEntityManagerFactoryBean : Initialized JPA EntityManagerFactory for persistence unit 'default'
2024-10-28T11:09:29.681-05:00  INFO 21840 --- [demo] [restartedMain] o.s.d.j.r.query.QueryEnhancerFactory     : Hibernate is in classpath; If applicable, HQL parser will be used.
2024-10-28T11:09:30.703-05:00  WARN 21840 --- [demo] [restartedMain] JpaBaseConfiguration$JpaWebConfiguration : spring.jpa.open-in-view is enabled by default. Therefore, database queries may be performed during view rendering. Explicitly configure spring.jpa.open-in-view to disable this warning
2024-10-28T11:09:31.230-05:00  WARN 21840 --- [demo] [restartedMain] ion$DefaultTemplateResolverConfiguration : Cannot find template location: classpath:/templates/ (please add some templates, check your Thymeleaf configuration, or set spring.thymeleaf.check-template-location=false)
2024-10-28T11:09:31.415-05:00  INFO 21840 --- [demo] [restartedMain] o.s.b.d.a.OptionalLiveReloadServer       : LiveReload server is running on port 35729
2024-10-28T11:09:31.480-05:00  INFO 21840 --- [demo] [restartedMain] o.s.b.w.embedded.tomcat.TomcatWebServer  : Tomcat started on port 8080 (http) with context path '/'
2024-10-28T11:09:31.493-05:00  INFO 21840 --- [demo] [restartedMain] com.example.demo.DemoApplication         : Started DemoApplication in 6.594 seconds (process running for 7.073)
2024-10-28T11:09:51.696-05:00  INFO 21840 --- [demo] [http-nio-8080-exec-6] o.a.c.c.C.[Tomcat].[localhost].[/]       : Initializing Spring DispatcherServlet 'dispatcherServlet'
2024-10-28T11:09:51.697-05:00  INFO 21840 --- [demo] [http-nio-8080-exec-6] o.s.web.servlet.DispatcherServlet        : Initializing Servlet 'dispatcherServlet'
2024-10-28T11:09:51.698-05:00  INFO 21840 --- [demo] [http-nio-8080-exec-6] o.s.web.servlet.DispatcherServlet        : Completed initialization in 1 ms
2024-10-28T11:30:26.159-05:00  INFO 6728 --- [demo] [restartedMain] com.example.demo.DemoApplication         : Starting DemoApplication using Java 17.0.12 with PID 6728 (C:\Users\Janus\Documents\GitHub\PetLand\Proyecto\demo\target\classes started by Janus in C:\Users\Janus\Documents\GitHub\PetLand)
2024-10-28T11:30:26.162-05:00  INFO 6728 --- [demo] [restartedMain] com.example.demo.DemoApplication         : No active profile set, falling back to 1 default profile: "default"
2024-10-28T11:30:26.228-05:00  INFO 6728 --- [demo] [restartedMain] .e.DevToolsPropertyDefaultsPostProcessor : Devtools property defaults active! Set 'spring.devtools.add-properties' to 'false' to disable
2024-10-28T11:30:26.229-05:00  INFO 6728 --- [demo] [restartedMain] .e.DevToolsPropertyDefaultsPostProcessor : For additional web related logging consider setting the 'logging.level.web' property to 'DEBUG'
2024-10-28T11:30:27.147-05:00  INFO 6728 --- [demo] [restartedMain] .s.d.r.c.RepositoryConfigurationDelegate : Bootstrapping Spring Data JPA repositories in DEFAULT mode.
2024-10-28T11:30:27.260-05:00  INFO 6728 --- [demo] [restartedMain] .s.d.r.c.RepositoryConfigurationDelegate : Finished Spring Data repository scanning in 94 ms. Found 6 JPA repository interfaces.
2024-10-28T11:30:28.234-05:00  INFO 6728 --- [demo] [restartedMain] o.s.b.w.embedded.tomcat.TomcatWebServer  : Tomcat initialized with port 8080 (http)
2024-10-28T11:30:28.252-05:00  INFO 6728 --- [demo] [restartedMain] o.apache.catalina.core.StandardService   : Starting service [Tomcat]
2024-10-28T11:30:28.253-05:00  INFO 6728 --- [demo] [restartedMain] o.apache.catalina.core.StandardEngine    : Starting Servlet engine: [Apache Tomcat/10.1.26]
2024-10-28T11:30:28.353-05:00  INFO 6728 --- [demo] [restartedMain] o.a.c.c.C.[Tomcat].[localhost].[/]       : Initializing Spring embedded WebApplicationContext
2024-10-28T11:30:28.355-05:00  INFO 6728 --- [demo] [restartedMain] w.s.c.ServletWebServerApplicationContext : Root WebApplicationContext: initialization completed in 2123 ms
2024-10-28T11:30:28.410-05:00  INFO 6728 --- [demo] [restartedMain] com.zaxxer.hikari.HikariDataSource       : HikariPool-1 - Starting...
2024-10-28T11:30:28.603-05:00  INFO 6728 --- [demo] [restartedMain] com.zaxxer.hikari.pool.HikariPool        : HikariPool-1 - Added connection conn0: url=jdbc:h2:mem:testdb user=SA
2024-10-28T11:30:28.606-05:00  INFO 6728 --- [demo] [restartedMain] com.zaxxer.hikari.HikariDataSource       : HikariPool-1 - Start completed.
2024-10-28T11:30:28.618-05:00  INFO 6728 --- [demo] [restartedMain] o.s.b.a.h2.H2ConsoleAutoConfiguration    : H2 console available at '/h2-console'. Database available at 'jdbc:h2:mem:testdb'
2024-10-28T11:30:28.787-05:00  INFO 6728 --- [demo] [restartedMain] o.hibernate.jpa.internal.util.LogHelper  : HHH000204: Processing PersistenceUnitInfo [name: default]
2024-10-28T11:30:28.870-05:00  INFO 6728 --- [demo] [restartedMain] org.hibernate.Version                    : HHH000412: Hibernate ORM core version 6.5.2.Final
2024-10-28T11:30:28.931-05:00  INFO 6728 --- [demo] [restartedMain] o.h.c.internal.RegionFactoryInitiator    : HHH000026: Second-level cache disabled
2024-10-28T11:30:29.358-05:00  INFO 6728 --- [demo] [restartedMain] o.s.o.j.p.SpringPersistenceUnitInfo      : No LoadTimeWeaver setup: ignoring JPA class transformer
2024-10-28T11:30:29.463-05:00  WARN 6728 --- [demo] [restartedMain] org.hibernate.orm.deprecation            : HHH90000025: H2Dialect does not need to be specified explicitly using 'hibernate.dialect' (remove the property setting and it will be selected by default)
2024-10-28T11:30:30.536-05:00  INFO 6728 --- [demo] [restartedMain] o.h.e.t.j.p.i.JtaPlatformInitiator       : HHH000489: No JTA platform available (set 'hibernate.transaction.jta.platform' to enable JTA platform integration)
2024-10-28T11:30:30.653-05:00  INFO 6728 --- [demo] [restartedMain] j.LocalContainerEntityManagerFactoryBean : Initialized JPA EntityManagerFactory for persistence unit 'default'
2024-10-28T11:30:31.108-05:00  INFO 6728 --- [demo] [restartedMain] o.s.d.j.r.query.QueryEnhancerFactory     : Hibernate is in classpath; If applicable, HQL parser will be used.
2024-10-28T11:30:32.180-05:00  WARN 6728 --- [demo] [restartedMain] JpaBaseConfiguration$JpaWebConfiguration : spring.jpa.open-in-view is enabled by default. Therefore, database queries may be performed during view rendering. Explicitly configure spring.jpa.open-in-view to disable this warning
2024-10-28T11:30:32.773-05:00  WARN 6728 --- [demo] [restartedMain] ion$DefaultTemplateResolverConfiguration : Cannot find template location: classpath:/templates/ (please add some templates, check your Thymeleaf configuration, or set spring.thymeleaf.check-template-location=false)
2024-10-28T11:30:32.989-05:00  INFO 6728 --- [demo] [restartedMain] o.s.b.d.a.OptionalLiveReloadServer       : LiveReload server is running on port 35729
2024-10-28T11:30:33.073-05:00  INFO 6728 --- [demo] [restartedMain] o.s.b.w.embedded.tomcat.TomcatWebServer  : Tomcat started on port 8080 (http) with context path '/'
2024-10-28T11:30:33.089-05:00  INFO 6728 --- [demo] [restartedMain] com.example.demo.DemoApplication         : Started DemoApplication in 7.338 seconds (process running for 7.83)
2024-10-28T11:31:06.060-05:00  INFO 6728 --- [demo] [http-nio-8080-exec-1] o.a.c.c.C.[Tomcat].[localhost].[/]       : Initializing Spring DispatcherServlet 'dispatcherServlet'
2024-10-28T11:31:06.061-05:00  INFO 6728 --- [demo] [http-nio-8080-exec-1] o.s.web.servlet.DispatcherServlet        : Initializing Servlet 'dispatcherServlet'
2024-10-28T11:31:06.061-05:00  INFO 6728 --- [demo] [http-nio-8080-exec-1] o.s.web.servlet.DispatcherServlet        : Completed initialization in 0 ms
2024-10-28T18:09:51.787-05:00  INFO 4508 --- [demo] [restartedMain] com.example.demo.DemoApplication         : Starting DemoApplication using Java 17.0.12 with PID 4508 (C:\Users\Janus\Documents\GitHub\PetLand\Proyecto\demo\target\classes started by Janus in C:\Users\Janus\Documents\GitHub\PetLand)
2024-10-28T18:09:51.790-05:00  INFO 4508 --- [demo] [restartedMain] com.example.demo.DemoApplication         : No active profile set, falling back to 1 default profile: "default"
2024-10-28T18:09:51.866-05:00  INFO 4508 --- [demo] [restartedMain] .e.DevToolsPropertyDefaultsPostProcessor : Devtools property defaults active! Set 'spring.devtools.add-properties' to 'false' to disable
2024-10-28T18:09:51.867-05:00  INFO 4508 --- [demo] [restartedMain] .e.DevToolsPropertyDefaultsPostProcessor : For additional web related logging consider setting the 'logging.level.web' property to 'DEBUG'
2024-10-28T18:09:52.740-05:00  INFO 4508 --- [demo] [restartedMain] .s.d.r.c.RepositoryConfigurationDelegate : Bootstrapping Spring Data JPA repositories in DEFAULT mode.
2024-10-28T18:09:52.849-05:00  INFO 4508 --- [demo] [restartedMain] .s.d.r.c.RepositoryConfigurationDelegate : Finished Spring Data repository scanning in 91 ms. Found 6 JPA repository interfaces.
2024-10-28T18:09:53.738-05:00  INFO 4508 --- [demo] [restartedMain] o.s.b.w.embedded.tomcat.TomcatWebServer  : Tomcat initialized with port 8080 (http)
2024-10-28T18:09:53.760-05:00  INFO 4508 --- [demo] [restartedMain] o.apache.catalina.core.StandardService   : Starting service [Tomcat]
2024-10-28T18:09:53.760-05:00  INFO 4508 --- [demo] [restartedMain] o.apache.catalina.core.StandardEngine    : Starting Servlet engine: [Apache Tomcat/10.1.26]
2024-10-28T18:09:53.833-05:00  INFO 4508 --- [demo] [restartedMain] o.a.c.c.C.[Tomcat].[localhost].[/]       : Initializing Spring embedded WebApplicationContext
2024-10-28T18:09:53.834-05:00  INFO 4508 --- [demo] [restartedMain] w.s.c.ServletWebServerApplicationContext : Root WebApplicationContext: initialization completed in 1966 ms
2024-10-28T18:09:53.874-05:00  INFO 4508 --- [demo] [restartedMain] com.zaxxer.hikari.HikariDataSource       : HikariPool-1 - Starting...
2024-10-28T18:09:54.142-05:00  INFO 4508 --- [demo] [restartedMain] com.zaxxer.hikari.pool.HikariPool        : HikariPool-1 - Added connection conn0: url=jdbc:h2:mem:testdb user=SA
2024-10-28T18:09:54.145-05:00  INFO 4508 --- [demo] [restartedMain] com.zaxxer.hikari.HikariDataSource       : HikariPool-1 - Start completed.
2024-10-28T18:09:54.157-05:00  INFO 4508 --- [demo] [restartedMain] o.s.b.a.h2.H2ConsoleAutoConfiguration    : H2 console available at '/h2-console'. Database available at 'jdbc:h2:mem:testdb'
2024-10-28T18:09:54.491-05:00  INFO 4508 --- [demo] [restartedMain] o.hibernate.jpa.internal.util.LogHelper  : HHH000204: Processing PersistenceUnitInfo [name: default]
2024-10-28T18:09:54.642-05:00  INFO 4508 --- [demo] [restartedMain] org.hibernate.Version                    : HHH000412: Hibernate ORM core version 6.5.2.Final
2024-10-28T18:09:54.731-05:00  INFO 4508 --- [demo] [restartedMain] o.h.c.internal.RegionFactoryInitiator    : HHH000026: Second-level cache disabled
2024-10-28T18:09:55.125-05:00  INFO 4508 --- [demo] [restartedMain] o.s.o.j.p.SpringPersistenceUnitInfo      : No LoadTimeWeaver setup: ignoring JPA class transformer
2024-10-28T18:09:55.209-05:00  WARN 4508 --- [demo] [restartedMain] org.hibernate.orm.deprecation            : HHH90000025: H2Dialect does not need to be specified explicitly using 'hibernate.dialect' (remove the property setting and it will be selected by default)
2024-10-28T18:09:56.149-05:00  INFO 4508 --- [demo] [restartedMain] o.h.e.t.j.p.i.JtaPlatformInitiator       : HHH000489: No JTA platform available (set 'hibernate.transaction.jta.platform' to enable JTA platform integration)
2024-10-28T18:09:56.205-05:00  INFO 4508 --- [demo] [restartedMain] j.LocalContainerEntityManagerFactoryBean : Initialized JPA EntityManagerFactory for persistence unit 'default'
2024-10-28T18:09:56.608-05:00  INFO 4508 --- [demo] [restartedMain] o.s.d.j.r.query.QueryEnhancerFactory     : Hibernate is in classpath; If applicable, HQL parser will be used.
2024-10-28T18:09:57.880-05:00  WARN 4508 --- [demo] [restartedMain] JpaBaseConfiguration$JpaWebConfiguration : spring.jpa.open-in-view is enabled by default. Therefore, database queries may be performed during view rendering. Explicitly configure spring.jpa.open-in-view to disable this warning
2024-10-28T18:09:58.426-05:00  WARN 4508 --- [demo] [restartedMain] ion$DefaultTemplateResolverConfiguration : Cannot find template location: classpath:/templates/ (please add some templates, check your Thymeleaf configuration, or set spring.thymeleaf.check-template-location=false)
2024-10-28T18:09:58.561-05:00  INFO 4508 --- [demo] [restartedMain] o.s.b.d.a.OptionalLiveReloadServer       : LiveReload server is running on port 35729
2024-10-28T18:09:58.595-05:00  INFO 4508 --- [demo] [restartedMain] o.s.b.w.embedded.tomcat.TomcatWebServer  : Tomcat started on port 8080 (http) with context path '/'
2024-10-28T18:09:58.607-05:00  INFO 4508 --- [demo] [restartedMain] com.example.demo.DemoApplication         : Started DemoApplication in 7.242 seconds (process running for 7.726)
2024-10-28T18:10:39.105-05:00  INFO 4508 --- [demo] [http-nio-8080-exec-1] o.a.c.c.C.[Tomcat].[localhost].[/]       : Initializing Spring DispatcherServlet 'dispatcherServlet'
2024-10-28T18:10:39.106-05:00  INFO 4508 --- [demo] [http-nio-8080-exec-1] o.s.web.servlet.DispatcherServlet        : Initializing Servlet 'dispatcherServlet'
2024-10-28T18:10:39.107-05:00  INFO 4508 --- [demo] [http-nio-8080-exec-1] o.s.web.servlet.DispatcherServlet        : Completed initialization in 1 ms
2024-10-28T18:21:51.606-05:00  INFO 9024 --- [demo] [restartedMain] com.example.demo.DemoApplication         : Starting DemoApplication using Java 17.0.12 with PID 9024 (C:\Users\Janus\Documents\GitHub\PetLand\Proyecto\demo\target\classes started by Janus in C:\Users\Janus\Documents\GitHub\PetLand)
2024-10-28T18:21:51.610-05:00  INFO 9024 --- [demo] [restartedMain] com.example.demo.DemoApplication         : No active profile set, falling back to 1 default profile: "default"
2024-10-28T18:21:51.659-05:00  INFO 9024 --- [demo] [restartedMain] .e.DevToolsPropertyDefaultsPostProcessor : Devtools property defaults active! Set 'spring.devtools.add-properties' to 'false' to disable
2024-10-28T18:21:51.660-05:00  INFO 9024 --- [demo] [restartedMain] .e.DevToolsPropertyDefaultsPostProcessor : For additional web related logging consider setting the 'logging.level.web' property to 'DEBUG'
2024-10-28T18:21:52.582-05:00  INFO 9024 --- [demo] [restartedMain] .s.d.r.c.RepositoryConfigurationDelegate : Bootstrapping Spring Data JPA repositories in DEFAULT mode.
2024-10-28T18:21:52.673-05:00  INFO 9024 --- [demo] [restartedMain] .s.d.r.c.RepositoryConfigurationDelegate : Finished Spring Data repository scanning in 72 ms. Found 6 JPA repository interfaces.
2024-10-28T18:21:53.576-05:00  INFO 9024 --- [demo] [restartedMain] o.s.b.w.embedded.tomcat.TomcatWebServer  : Tomcat initialized with port 8080 (http)
2024-10-28T18:21:53.599-05:00  INFO 9024 --- [demo] [restartedMain] o.apache.catalina.core.StandardService   : Starting service [Tomcat]
2024-10-28T18:21:53.600-05:00  INFO 9024 --- [demo] [restartedMain] o.apache.catalina.core.StandardEngine    : Starting Servlet engine: [Apache Tomcat/10.1.26]
2024-10-28T18:21:53.696-05:00  INFO 9024 --- [demo] [restartedMain] o.a.c.c.C.[Tomcat].[localhost].[/]       : Initializing Spring embedded WebApplicationContext
2024-10-28T18:21:53.697-05:00  INFO 9024 --- [demo] [restartedMain] w.s.c.ServletWebServerApplicationContext : Root WebApplicationContext: initialization completed in 2035 ms
2024-10-28T18:21:53.747-05:00  INFO 9024 --- [demo] [restartedMain] com.zaxxer.hikari.HikariDataSource       : HikariPool-1 - Starting...
2024-10-28T18:21:54.060-05:00  INFO 9024 --- [demo] [restartedMain] com.zaxxer.hikari.pool.HikariPool        : HikariPool-1 - Added connection conn0: url=jdbc:h2:mem:testdb user=SA
2024-10-28T18:21:54.062-05:00  INFO 9024 --- [demo] [restartedMain] com.zaxxer.hikari.HikariDataSource       : HikariPool-1 - Start completed.
2024-10-28T18:21:54.079-05:00  INFO 9024 --- [demo] [restartedMain] o.s.b.a.h2.H2ConsoleAutoConfiguration    : H2 console available at '/h2-console'. Database available at 'jdbc:h2:mem:testdb'
2024-10-28T18:21:54.416-05:00  INFO 9024 --- [demo] [restartedMain] o.hibernate.jpa.internal.util.LogHelper  : HHH000204: Processing PersistenceUnitInfo [name: default]
2024-10-28T18:21:54.535-05:00  INFO 9024 --- [demo] [restartedMain] org.hibernate.Version                    : HHH000412: Hibernate ORM core version 6.5.2.Final
2024-10-28T18:21:54.590-05:00  INFO 9024 --- [demo] [restartedMain] o.h.c.internal.RegionFactoryInitiator    : HHH000026: Second-level cache disabled
2024-10-28T18:21:54.893-05:00  INFO 9024 --- [demo] [restartedMain] o.s.o.j.p.SpringPersistenceUnitInfo      : No LoadTimeWeaver setup: ignoring JPA class transformer
2024-10-28T18:21:55.005-05:00  WARN 9024 --- [demo] [restartedMain] org.hibernate.orm.deprecation            : HHH90000025: H2Dialect does not need to be specified explicitly using 'hibernate.dialect' (remove the property setting and it will be selected by default)
2024-10-28T18:21:55.894-05:00  INFO 9024 --- [demo] [restartedMain] o.h.e.t.j.p.i.JtaPlatformInitiator       : HHH000489: No JTA platform available (set 'hibernate.transaction.jta.platform' to enable JTA platform integration)
2024-10-28T18:21:55.964-05:00  INFO 9024 --- [demo] [restartedMain] j.LocalContainerEntityManagerFactoryBean : Initialized JPA EntityManagerFactory for persistence unit 'default'
2024-10-28T18:21:56.310-05:00  INFO 9024 --- [demo] [restartedMain] o.s.d.j.r.query.QueryEnhancerFactory     : Hibernate is in classpath; If applicable, HQL parser will be used.
2024-10-28T18:21:57.367-05:00  WARN 9024 --- [demo] [restartedMain] JpaBaseConfiguration$JpaWebConfiguration : spring.jpa.open-in-view is enabled by default. Therefore, database queries may be performed during view rendering. Explicitly configure spring.jpa.open-in-view to disable this warning
2024-10-28T18:21:58.123-05:00  WARN 9024 --- [demo] [restartedMain] ion$DefaultTemplateResolverConfiguration : Cannot find template location: classpath:/templates/ (please add some templates, check your Thymeleaf configuration, or set spring.thymeleaf.check-template-location=false)
2024-10-28T18:21:58.378-05:00  INFO 9024 --- [demo] [restartedMain] o.s.b.d.a.OptionalLiveReloadServer       : LiveReload server is running on port 35729
2024-10-28T18:21:58.463-05:00  INFO 9024 --- [demo] [restartedMain] o.s.b.w.embedded.tomcat.TomcatWebServer  : Tomcat started on port 8080 (http) with context path '/'
2024-10-28T18:21:58.479-05:00  INFO 9024 --- [demo] [restartedMain] com.example.demo.DemoApplication         : Started DemoApplication in 7.256 seconds (process running for 7.717)
2024-10-28T18:24:34.376-05:00  INFO 9024 --- [demo] [http-nio-8080-exec-6] o.a.c.c.C.[Tomcat].[localhost].[/]       : Initializing Spring DispatcherServlet 'dispatcherServlet'
2024-10-28T18:24:34.377-05:00  INFO 9024 --- [demo] [http-nio-8080-exec-6] o.s.web.servlet.DispatcherServlet        : Initializing Servlet 'dispatcherServlet'
2024-10-28T18:24:34.378-05:00  INFO 9024 --- [demo] [http-nio-8080-exec-6] o.s.web.servlet.DispatcherServlet        : Completed initialization in 1 ms
2024-10-28T19:50:15.008-05:00  INFO 25776 --- [demo] [restartedMain] com.example.demo.DemoApplication         : Starting DemoApplication using Java 17.0.12 with PID 25776 (C:\Users\Janus\Documents\GitHub\PetLand\Proyecto\demo\target\classes started by Janus in C:\Users\Janus\Documents\GitHub\PetLand)
2024-10-28T19:50:15.011-05:00  INFO 25776 --- [demo] [restartedMain] com.example.demo.DemoApplication         : No active profile set, falling back to 1 default profile: "default"
2024-10-28T19:50:15.071-05:00  INFO 25776 --- [demo] [restartedMain] .e.DevToolsPropertyDefaultsPostProcessor : Devtools property defaults active! Set 'spring.devtools.add-properties' to 'false' to disable
2024-10-28T19:50:15.072-05:00  INFO 25776 --- [demo] [restartedMain] .e.DevToolsPropertyDefaultsPostProcessor : For additional web related logging consider setting the 'logging.level.web' property to 'DEBUG'
2024-10-28T19:50:15.829-05:00  INFO 25776 --- [demo] [restartedMain] .s.d.r.c.RepositoryConfigurationDelegate : Bootstrapping Spring Data JPA repositories in DEFAULT mode.
2024-10-28T19:50:15.930-05:00  INFO 25776 --- [demo] [restartedMain] .s.d.r.c.RepositoryConfigurationDelegate : Finished Spring Data repository scanning in 85 ms. Found 6 JPA repository interfaces.
2024-10-28T19:50:16.792-05:00  INFO 25776 --- [demo] [restartedMain] o.s.b.w.embedded.tomcat.TomcatWebServer  : Tomcat initialized with port 8080 (http)
2024-10-28T19:50:16.826-05:00  INFO 25776 --- [demo] [restartedMain] o.apache.catalina.core.StandardService   : Starting service [Tomcat]
2024-10-28T19:50:16.826-05:00  INFO 25776 --- [demo] [restartedMain] o.apache.catalina.core.StandardEngine    : Starting Servlet engine: [Apache Tomcat/10.1.26]
2024-10-28T19:50:16.922-05:00  INFO 25776 --- [demo] [restartedMain] o.a.c.c.C.[Tomcat].[localhost].[/]       : Initializing Spring embedded WebApplicationContext
2024-10-28T19:50:16.923-05:00  INFO 25776 --- [demo] [restartedMain] w.s.c.ServletWebServerApplicationContext : Root WebApplicationContext: initialization completed in 1849 ms
2024-10-28T19:50:16.975-05:00  INFO 25776 --- [demo] [restartedMain] com.zaxxer.hikari.HikariDataSource       : HikariPool-1 - Starting...
2024-10-28T19:50:17.209-05:00  INFO 25776 --- [demo] [restartedMain] com.zaxxer.hikari.pool.HikariPool        : HikariPool-1 - Added connection conn0: url=jdbc:h2:mem:testdb user=SA
2024-10-28T19:50:17.211-05:00  INFO 25776 --- [demo] [restartedMain] com.zaxxer.hikari.HikariDataSource       : HikariPool-1 - Start completed.
2024-10-28T19:50:17.221-05:00  INFO 25776 --- [demo] [restartedMain] o.s.b.a.h2.H2ConsoleAutoConfiguration    : H2 console available at '/h2-console'. Database available at 'jdbc:h2:mem:testdb'
2024-10-28T19:50:17.430-05:00  INFO 25776 --- [demo] [restartedMain] o.hibernate.jpa.internal.util.LogHelper  : HHH000204: Processing PersistenceUnitInfo [name: default]
2024-10-28T19:50:17.506-05:00  INFO 25776 --- [demo] [restartedMain] org.hibernate.Version                    : HHH000412: Hibernate ORM core version 6.5.2.Final
2024-10-28T19:50:17.565-05:00  INFO 25776 --- [demo] [restartedMain] o.h.c.internal.RegionFactoryInitiator    : HHH000026: Second-level cache disabled
2024-10-28T19:50:17.895-05:00  INFO 25776 --- [demo] [restartedMain] o.s.o.j.p.SpringPersistenceUnitInfo      : No LoadTimeWeaver setup: ignoring JPA class transformer
2024-10-28T19:50:17.996-05:00  WARN 25776 --- [demo] [restartedMain] org.hibernate.orm.deprecation            : HHH90000025: H2Dialect does not need to be specified explicitly using 'hibernate.dialect' (remove the property setting and it will be selected by default)
2024-10-28T19:50:18.869-05:00  INFO 25776 --- [demo] [restartedMain] o.h.e.t.j.p.i.JtaPlatformInitiator       : HHH000489: No JTA platform available (set 'hibernate.transaction.jta.platform' to enable JTA platform integration)
2024-10-28T19:50:18.930-05:00  INFO 25776 --- [demo] [restartedMain] j.LocalContainerEntityManagerFactoryBean : Initialized JPA EntityManagerFactory for persistence unit 'default'
2024-10-28T19:50:19.197-05:00  INFO 25776 --- [demo] [restartedMain] o.s.d.j.r.query.QueryEnhancerFactory     : Hibernate is in classpath; If applicable, HQL parser will be used.
2024-10-28T19:50:20.347-05:00  WARN 25776 --- [demo] [restartedMain] JpaBaseConfiguration$JpaWebConfiguration : spring.jpa.open-in-view is enabled by default. Therefore, database queries may be performed during view rendering. Explicitly configure spring.jpa.open-in-view to disable this warning
2024-10-28T19:50:20.939-05:00  WARN 25776 --- [demo] [restartedMain] ion$DefaultTemplateResolverConfiguration : Cannot find template location: classpath:/templates/ (please add some templates, check your Thymeleaf configuration, or set spring.thymeleaf.check-template-location=false)
2024-10-28T19:50:21.128-05:00  INFO 25776 --- [demo] [restartedMain] o.s.b.d.a.OptionalLiveReloadServer       : LiveReload server is running on port 35729
2024-10-28T19:50:21.195-05:00  INFO 25776 --- [demo] [restartedMain] o.s.b.w.embedded.tomcat.TomcatWebServer  : Tomcat started on port 8080 (http) with context path '/'
2024-10-28T19:50:21.212-05:00  INFO 25776 --- [demo] [restartedMain] com.example.demo.DemoApplication         : Started DemoApplication in 6.588 seconds (process running for 7.085)
